
[1m[46m RUN [49m[22m [36mv4.0.5 [39m[90mC:/Users/0scar/Downloads/per/mi-app[39m

 [32mÔ£ô[39m src/components/Home.test.jsx[2m > [22mHome Component[2m > [22mrenderiza el t├¡tulo principal[32m 80[2mms[22m[39m
 [32mÔ£ô[39m src/components/Home.test.jsx[2m > [22mHome Component[2m > [22mmuestra la secci├│n de m├ís vendidos[32m 18[2mms[22m[39m
 [32mÔ£ô[39m src/components/Home.test.jsx[2m > [22mHome Component[2m > [22mpermite agregar producto al carrito[32m 29[2mms[22m[39m
 [32mÔ£ô[39m src/components/Register.test.jsx[2m > [22mRegister Component[2m > [22mrenderiza el formulario de registro[32m 142[2mms[22m[39m
 [32mÔ£ô[39m src/components/Register.test.jsx[2m > [22mRegister Component[2m > [22mvalida que las contrase├▒as coincidan[32m 39[2mms[22m[39m
 [32mÔ£ô[39m src/components/Register.test.jsx[2m > [22mRegister Component[2m > [22mpermite cambiar a login[32m 5[2mms[22m[39m

[2m Test Files [22m [1m[31m4 failed[39m[22m[2m | [22m[1m[32m2 passed[39m[22m[90m (6)[39m
[2m      Tests [22m [1m[32m6 passed[39m[22m[90m (6)[39m
[2m   Start at [22m 00:29:05
[2m   Duration [22m 2.65s[2m (transform 376ms, setup 1.37s, collect 741ms, tests 316ms, environment 9.32s, prepare 147ms)[22m

